gplink-1.5.2 #1325 (Jan 30 2022)
Copyright (c) 1998-2016 gputils project
Listing File Generated: 4-1-2024  16:46:13


Address  Value    Disassembly              Source
-------  -----    -----------              ------
                                           ;--------------------------------------------------------
                                           ; File Created by SDCC : free open source ANSI-C Compiler
                                           ; Version 4.0.0 #11528 (MINGW64)
                                           ;--------------------------------------------------------
                                           ; PIC port for the 14-bit core
                                           ;--------------------------------------------------------
                                           ;	.file	"dado.c"
                                           	list	p=12f683
                                           	radix dec
                                           	include "p12f683.inc"
                                                   LIST

                                           ;==========================================================================
                                           ; Build date : Oct 21 2015
                                           ;  MPASM PIC12F683 processor include
                                           ; 
                                           ;  (c) Copyright 1999-2015 Microchip Technology, All rights reserved
                                           ;==========================================================================

                                                   NOLIST
                                           ;--------------------------------------------------------
                                           ; external declarations
                                           ;--------------------------------------------------------
                                           	extern	__mulint
                                           	extern	__moduint
                                           	extern	_ANSEL
                                           	extern	_TRISIO
                                           	extern	_GPIO
                                           	extern	_GPIObits
                                           	extern	__sdcc_gsinit_startup
                                           ;--------------------------------------------------------
                                           ; global declarations
                                           ;--------------------------------------------------------
                                           	global	_main
                                           	global	_led_matrix
                                           	global	_seed
                                           	global	_delay
                                           	global	_rand
                                           	global	_roll_dice

                                           	global PSAVE
                                           	global SSAVE
                                           	global WSAVE
                                           	global STK12
                                           	global STK11
                                           	global STK10
                                           	global STK09
                                           	global STK08
                                           	global STK07
                                           	global STK06
                                           	global STK05
                                           	global STK04
                                           	global STK03
                                           	global STK02
                                           	global STK01
                                           	global STK00

                                           sharebank udata_ovr 0x0070
                                           PSAVE	res 1
                                           SSAVE	res 1
                                           WSAVE	res 1
                                           STK12	res 1
                                           STK11	res 1
                                           STK10	res 1
                                           STK09	res 1
                                           STK08	res 1
                                           STK07	res 1
                                           STK06	res 1
                                           STK05	res 1
                                           STK04	res 1
                                           STK03	res 1
                                           STK02	res 1
                                           STK01	res 1
                                           STK00	res 1

                                           ;--------------------------------------------------------
                                           ; global definitions
                                           ;--------------------------------------------------------
                                           ;--------------------------------------------------------
                                           ; absolute symbol definitions
                                           ;--------------------------------------------------------
                                           ;--------------------------------------------------------
                                           ; compiler-defined variables
                                           ;--------------------------------------------------------
                                           UDL_dado_0	udata
                                           r0x101A	res	1
                                           r0x101B	res	1
                                           r0x101D	res	1
                                           r0x101C	res	1
                                           r0x1013	res	1
                                           r0x1012	res	1
                                           r0x1014	res	1
                                           r0x1015	res	1
                                           r0x1016	res	1
                                           r0x1017	res	1
                                           r0x1018	res	1
                                           r0x1019	res	1
                                           r0x1011	res	1
                                           r0x1010	res	1
                                           r0x100F	res	1
                                           r0x100E	res	1
                                           ;--------------------------------------------------------
                                           ; initialized data
                                           ;--------------------------------------------------------

                                           IDD_dado_0	idata
                                           _seed
                                           	db	0x1a, 0x56	; 22042


                                           IDD_dado_1	idata
                                           _led_matrix
                                           	db	0x01, 0x00	; 1
                                           	db	0x02, 0x00	; 2
                                           	db	0x03, 0x00	; 3
                                           	db	0x06, 0x00	; 6
                                           	db	0x07, 0x00	; 7
                                           	db	0x16, 0x00	; 22

                                           ;--------------------------------------------------------
                                           ; initialized absolute data
                                           ;--------------------------------------------------------
                                           ;--------------------------------------------------------
                                           ; overlayable items in internal ram 
                                           ;--------------------------------------------------------
                                           ;	udata_ovr
                                           ;--------------------------------------------------------
                                           ; reset vector 
                                           ;--------------------------------------------------------
                                           STARTUP	code 0x0000
000000   0000     nop                      	nop
                                           	pagesel __sdcc_gsinit_startup
000001   2802     goto    0x0002           	goto	__sdcc_gsinit_startup
                                           ;--------------------------------------------------------
                                           ; code
                                           ;--------------------------------------------------------
                                           code_dado	code
                                           ;***
                                           ;  pBlock Stats: dbName = M
                                           ;***
                                           ;has an exit
                                           ;functions called:
                                           ;   _rand
                                           ;   __moduint
                                           ;   _roll_dice
                                           ;   _roll_dice
                                           ;   _delay
                                           ;   _rand
                                           ;   __moduint
                                           ;   _roll_dice
                                           ;   _roll_dice
                                           ;   _delay
                                           ;7 compiler assigned registers:
                                           ;   r0x101A
                                           ;   r0x101B
                                           ;   STK00
                                           ;   STK02
                                           ;   STK01
                                           ;   r0x101C
                                           ;   r0x101D
                                           ;; Starting pCode block
                                           S_dado__main	code
                                           _main:
                                           ; 2 exit points
                                           ;	.line	24; "dado.c"	TRISIO = 0b00100000; //Poner todos los pines como salidas
0001b0   3020     movlw   0x20             	MOVLW	0x20
0001b1   1683     bsf     0x03, 0x5        	BANKSEL	_TRISIO
0001b2   0085     movwf   0x05             	MOVWF	_TRISIO
                                           ;	.line	25; "dado.c"	GPIO = 0x00; //Poner pines en bajo
0001b3   1283     bcf     0x03, 0x5        	BANKSEL	_GPIO
0001b4   0185     clrf    0x05             	CLRF	_GPIO
                                           ;	.line	26; "dado.c"	ANSEL = 0x00; // Todas digitales
0001b5   1683     bsf     0x03, 0x5        	BANKSEL	_ANSEL
0001b6   019f     clrf    0x1f             	CLRF	_ANSEL
                                           _00111_DS_:
                                           ;	.line	32; "dado.c"	if (GP5 == 1)
0001b7   1683     bsf     0x03, 0x5        	BANKSEL	r0x101A
0001b8   01a0     clrf    0x20             	CLRF	r0x101A
0001b9   1283     bcf     0x03, 0x5        	BANKSEL	_GPIObits
0001ba   1e85     btfss   0x05, 0x5        	BTFSS	_GPIObits,5
0001bb   29be     goto    0x01be           	GOTO	_00002_DS_
0001bc   1683     bsf     0x03, 0x5        	BANKSEL	r0x101A
0001bd   0aa0     incf    0x20, 0x1        	INCF	r0x101A,F
                                           _00002_DS_:
0001be   1683     bsf     0x03, 0x5        	BANKSEL	r0x101A
0001bf   0820     movf    0x20, 0x0        	MOVF	r0x101A,W
0001c0   3a01     xorlw   0x01             	XORLW	0x01
0001c1   1d03     btfss   0x03, 0x2        	BTFSS	STATUS,2
0001c2   29b7     goto    0x01b7           	GOTO	_00111_DS_
                                           ;	.line	34; "dado.c"	unsigned int random = rand();
                                           	PAGESEL	_rand
0001c3   227a     call    0x027a           	CALL	_rand
                                           	PAGESEL	$
0001c4   1683     bsf     0x03, 0x5        	BANKSEL	r0x101B
0001c5   00a1     movwf   0x21             	MOVWF	r0x101B
0001c6   087f     movf    0x7f, 0x0        	MOVF	STK00,W
0001c7   00a0     movwf   0x20             	MOVWF	r0x101A
                                           ;;swapping arguments (AOP_TYPEs 1/2)
                                           ;;unsigned compare: left >= lit(0x7=7), size=2
                                           ;	.line	35; "dado.c"	if (random > 6)
0001c8   3000     movlw   0x00             	MOVLW	0x00
0001c9   0221     subwf   0x21, 0x0        	SUBWF	r0x101B,W
0001ca   1d03     btfss   0x03, 0x2        	BTFSS	STATUS,2
0001cb   29ce     goto    0x01ce           	GOTO	_00130_DS_
0001cc   3007     movlw   0x07             	MOVLW	0x07
0001cd   0220     subwf   0x20, 0x0        	SUBWF	r0x101A,W
                                           _00130_DS_:
0001ce   1c03     btfss   0x03, 0x0        	BTFSS	STATUS,0
0001cf   29e5     goto    0x01e5           	GOTO	_00106_DS_
                                           ;;genSkipc:3307: created from rifx:00000000047A5780
                                           ;	.line	37; "dado.c"	random = (random % 6) + 1;
0001d0   3006     movlw   0x06             	MOVLW	0x06
0001d1   00fd     movwf   0x7d             	MOVWF	STK02
0001d2   3000     movlw   0x00             	MOVLW	0x00
0001d3   00fe     movwf   0x7e             	MOVWF	STK01
0001d4   1683     bsf     0x03, 0x5        	BANKSEL	r0x101A
0001d5   0820     movf    0x20, 0x0        	MOVF	r0x101A,W
0001d6   00ff     movwf   0x7f             	MOVWF	STK00
0001d7   0821     movf    0x21, 0x0        	MOVF	r0x101B,W
                                           	PAGESEL	__moduint
0001d8   2122     call    0x0122           	CALL	__moduint
                                           	PAGESEL	$
0001d9   1683     bsf     0x03, 0x5        	BANKSEL	r0x101C
0001da   00a3     movwf   0x23             	MOVWF	r0x101C
0001db   087f     movf    0x7f, 0x0        	MOVF	STK00,W
0001dc   00a2     movwf   0x22             	MOVWF	r0x101D
0001dd   0aa2     incf    0x22, 0x1        	INCF	r0x101D,F
0001de   1903     btfsc   0x03, 0x2        	BTFSC	STATUS,2
0001df   0aa3     incf    0x23, 0x1        	INCF	r0x101C,F
                                           ;	.line	38; "dado.c"	roll_dice(random);
0001e0   0822     movf    0x22, 0x0        	MOVF	r0x101D,W
0001e1   00ff     movwf   0x7f             	MOVWF	STK00
0001e2   0823     movf    0x23, 0x0        	MOVF	r0x101C,W
                                           	PAGESEL	_roll_dice
0001e3   216f     call    0x016f           	CALL	_roll_dice
                                           	PAGESEL	$
0001e4   29ea     goto    0x01ea           	GOTO	_00107_DS_
                                           _00106_DS_:
                                           ;	.line	40; "dado.c"	roll_dice(random);
0001e5   1683     bsf     0x03, 0x5        	BANKSEL	r0x101A
0001e6   0820     movf    0x20, 0x0        	MOVF	r0x101A,W
0001e7   00ff     movwf   0x7f             	MOVWF	STK00
0001e8   0821     movf    0x21, 0x0        	MOVF	r0x101B,W
                                           	PAGESEL	_roll_dice
0001e9   216f     call    0x016f           	CALL	_roll_dice
                                           	PAGESEL	$
                                           _00107_DS_:
                                           ;	.line	42; "dado.c"	delay(time);
0001ea   3064     movlw   0x64             	MOVLW	0x64
0001eb   00ff     movwf   0x7f             	MOVWF	STK00
0001ec   3000     movlw   0x00             	MOVLW	0x00
                                           	PAGESEL	_delay
0001ed   2224     call    0x0224           	CALL	_delay
                                           	PAGESEL	$
0001ee   29b7     goto    0x01b7           	GOTO	_00111_DS_
                                           ;	.line	45; "dado.c"	}
0001ef   0008     return                   	RETURN	
                                           ; exit point of _main

                                           ;***
                                           ;  pBlock Stats: dbName = C
                                           ;***
                                           ;has an exit
                                           ;3 compiler assigned registers:
                                           ;   r0x100E
                                           ;   STK00
                                           ;   r0x100F
                                           ;; Starting pCode block
                                           S_dado__roll_dice	code
                                           _roll_dice:
                                           ; 2 exit points
                                           ;	.line	64; "dado.c"	void roll_dice(unsigned int number){ // Recibe el número del dado que se obtuvo de forma aleatoria y lo muestra en los LEDs
00016f   1683     bsf     0x03, 0x5        	BANKSEL	r0x100E
000170   00af     movwf   0x2f             	MOVWF	r0x100E
000171   087f     movf    0x7f, 0x0        	MOVF	STK00,W
000172   00ae     movwf   0x2e             	MOVWF	r0x100F
                                           ;;unsigned compare: left < lit(0x1=1), size=2
                                           ;	.line	65; "dado.c"	switch (number)
000173   3000     movlw   0x00             	MOVLW	0x00
000174   022f     subwf   0x2f, 0x0        	SUBWF	r0x100E,W
000175   1d03     btfss   0x03, 0x2        	BTFSS	STATUS,2
000176   2979     goto    0x0179           	GOTO	_00188_DS_
000177   3001     movlw   0x01             	MOVLW	0x01
000178   022e     subwf   0x2e, 0x0        	SUBWF	r0x100F,W
                                           _00188_DS_:
000179   1c03     btfss   0x03, 0x0        	BTFSS	STATUS,0
00017a   29af     goto    0x01af           	GOTO	_00178_DS_
                                           ;;genSkipc:3307: created from rifx:00000000047A5780
                                           ;;swapping arguments (AOP_TYPEs 1/2)
                                           ;;unsigned compare: left >= lit(0x7=7), size=2
00017b   3000     movlw   0x00             	MOVLW	0x00
00017c   1683     bsf     0x03, 0x5        	BANKSEL	r0x100E
00017d   022f     subwf   0x2f, 0x0        	SUBWF	r0x100E,W
00017e   1d03     btfss   0x03, 0x2        	BTFSS	STATUS,2
00017f   2982     goto    0x0182           	GOTO	_00189_DS_
000180   3007     movlw   0x07             	MOVLW	0x07
000181   022e     subwf   0x2e, 0x0        	SUBWF	r0x100F,W
                                           _00189_DS_:
000182   1803     btfsc   0x03, 0x0        	BTFSC	STATUS,0
000183   29af     goto    0x01af           	GOTO	_00178_DS_
                                           ;;genSkipc:3307: created from rifx:00000000047A5780
000184   1683     bsf     0x03, 0x5        	BANKSEL	r0x100F
000185   03ae     decf    0x2e, 0x1        	DECF	r0x100F,F
000186   3001     movlw   0x01             	MOVLW	HIGH(_00190_DS_)
000187   1283     bcf     0x03, 0x5        	BANKSEL	PCLATH
000188   008a     movwf   0x0a             	MOVWF	PCLATH
000189   3091     movlw   0x91             	MOVLW	_00190_DS_
00018a   1683     bsf     0x03, 0x5        	BANKSEL	r0x100F
00018b   072e     addwf   0x2e, 0x0        	ADDWF	r0x100F,W
00018c   1c03     btfss   0x03, 0x0        	BTFSS	STATUS,0
00018d   2990     goto    0x0190           	GOTO	_00001_DS_
00018e   1283     bcf     0x03, 0x5        	BANKSEL	PCLATH
00018f   0a8a     incf    0x0a, 0x1        	INCF	PCLATH,F
                                           _00001_DS_:
000190   0082     movwf   0x02             	MOVWF	PCL
                                           _00190_DS_:
000191   2997     goto    0x0197           	GOTO	_00171_DS_
000192   299b     goto    0x019b           	GOTO	_00172_DS_
000193   299f     goto    0x019f           	GOTO	_00173_DS_
000194   29a3     goto    0x01a3           	GOTO	_00174_DS_
000195   29a7     goto    0x01a7           	GOTO	_00175_DS_
000196   29ab     goto    0x01ab           	GOTO	_00176_DS_
                                           _00171_DS_:
                                           ;	.line	68; "dado.c"	GPIO = led_matrix[0];
000197   1683     bsf     0x03, 0x5        	BANKSEL	_led_matrix
000198   0830     movf    0x30, 0x0        	MOVF	(_led_matrix + 0),W
000199   1283     bcf     0x03, 0x5        	BANKSEL	_GPIO
00019a   0085     movwf   0x05             	MOVWF	_GPIO
                                           _00172_DS_:
                                           ;	.line	70; "dado.c"	GPIO = led_matrix[1];
00019b   1683     bsf     0x03, 0x5        	BANKSEL	_led_matrix
00019c   0832     movf    0x32, 0x0        	MOVF	(_led_matrix + 2),W
00019d   1283     bcf     0x03, 0x5        	BANKSEL	_GPIO
00019e   0085     movwf   0x05             	MOVWF	_GPIO
                                           _00173_DS_:
                                           ;	.line	72; "dado.c"	GPIO = led_matrix[2];
00019f   1683     bsf     0x03, 0x5        	BANKSEL	_led_matrix
0001a0   0834     movf    0x34, 0x0        	MOVF	(_led_matrix + 4),W
0001a1   1283     bcf     0x03, 0x5        	BANKSEL	_GPIO
0001a2   0085     movwf   0x05             	MOVWF	_GPIO
                                           _00174_DS_:
                                           ;	.line	74; "dado.c"	GPIO = led_matrix[3];
0001a3   1683     bsf     0x03, 0x5        	BANKSEL	_led_matrix
0001a4   0836     movf    0x36, 0x0        	MOVF	(_led_matrix + 6),W
0001a5   1283     bcf     0x03, 0x5        	BANKSEL	_GPIO
0001a6   0085     movwf   0x05             	MOVWF	_GPIO
                                           _00175_DS_:
                                           ;	.line	76; "dado.c"	GPIO = led_matrix[4];
0001a7   1683     bsf     0x03, 0x5        	BANKSEL	_led_matrix
0001a8   0838     movf    0x38, 0x0        	MOVF	(_led_matrix + 8),W
0001a9   1283     bcf     0x03, 0x5        	BANKSEL	_GPIO
0001aa   0085     movwf   0x05             	MOVWF	_GPIO
                                           _00176_DS_:
                                           ;	.line	78; "dado.c"	GPIO = led_matrix[5];
0001ab   1683     bsf     0x03, 0x5        	BANKSEL	_led_matrix
0001ac   083a     movf    0x3a, 0x0        	MOVF	(_led_matrix + 10),W
0001ad   1283     bcf     0x03, 0x5        	BANKSEL	_GPIO
0001ae   0085     movwf   0x05             	MOVWF	_GPIO
                                           _00178_DS_:
                                           ;	.line	80; "dado.c"	}
0001af   0008     return                   	RETURN	
                                           ; exit point of _roll_dice

                                           ;***
                                           ;  pBlock Stats: dbName = C
                                           ;***
                                           ;has an exit
                                           ;functions called:
                                           ;   __mulint
                                           ;   __moduint
                                           ;   __mulint
                                           ;   __mulint
                                           ;   __moduint
                                           ;   __mulint
                                           ;5 compiler assigned registers:
                                           ;   STK02
                                           ;   STK01
                                           ;   STK00
                                           ;   r0x1010
                                           ;   r0x1011
                                           ;; Starting pCode block
                                           S_dado__rand	code
                                           _rand:
                                           ; 2 exit points
                                           ;	.line	59; "dado.c"	seed = (seed*seed) % p*q;
00027a   1683     bsf     0x03, 0x5        	BANKSEL	_seed
00027b   083c     movf    0x3c, 0x0        	MOVF	_seed,W
00027c   00fd     movwf   0x7d             	MOVWF	STK02
00027d   083d     movf    0x3d, 0x0        	MOVF	(_seed + 1),W
00027e   00fe     movwf   0x7e             	MOVWF	STK01
00027f   083c     movf    0x3c, 0x0        	MOVF	_seed,W
000280   00ff     movwf   0x7f             	MOVWF	STK00
000281   083d     movf    0x3d, 0x0        	MOVF	(_seed + 1),W
                                           	PAGESEL	__mulint
000282   209e     call    0x009e           	CALL	__mulint
                                           	PAGESEL	$
000283   1683     bsf     0x03, 0x5        	BANKSEL	r0x1010
000284   00ad     movwf   0x2d             	MOVWF	r0x1010
000285   087f     movf    0x7f, 0x0        	MOVF	STK00,W
000286   00ac     movwf   0x2c             	MOVWF	r0x1011
000287   3014     movlw   0x14             	MOVLW	0x14
000288   00fd     movwf   0x7d             	MOVWF	STK02
000289   3000     movlw   0x00             	MOVLW	0x00
00028a   00fe     movwf   0x7e             	MOVWF	STK01
00028b   082c     movf    0x2c, 0x0        	MOVF	r0x1011,W
00028c   00ff     movwf   0x7f             	MOVWF	STK00
00028d   082d     movf    0x2d, 0x0        	MOVF	r0x1010,W
                                           	PAGESEL	__moduint
00028e   2122     call    0x0122           	CALL	__moduint
                                           	PAGESEL	$
00028f   1683     bsf     0x03, 0x5        	BANKSEL	r0x1010
000290   00ad     movwf   0x2d             	MOVWF	r0x1010
000291   087f     movf    0x7f, 0x0        	MOVF	STK00,W
000292   00ac     movwf   0x2c             	MOVWF	r0x1011
000293   3018     movlw   0x18             	MOVLW	0x18
000294   00fd     movwf   0x7d             	MOVWF	STK02
000295   3000     movlw   0x00             	MOVLW	0x00
000296   00fe     movwf   0x7e             	MOVWF	STK01
000297   082c     movf    0x2c, 0x0        	MOVF	r0x1011,W
000298   00ff     movwf   0x7f             	MOVWF	STK00
000299   082d     movf    0x2d, 0x0        	MOVF	r0x1010,W
                                           	PAGESEL	__mulint
00029a   209e     call    0x009e           	CALL	__mulint
                                           	PAGESEL	$
00029b   1683     bsf     0x03, 0x5        	BANKSEL	_seed
00029c   00bd     movwf   0x3d             	MOVWF	(_seed + 1)
00029d   087f     movf    0x7f, 0x0        	MOVF	STK00,W
00029e   00bc     movwf   0x3c             	MOVWF	_seed
                                           ;	.line	61; "dado.c"	return seed;
00029f   083c     movf    0x3c, 0x0        	MOVF	_seed,W
0002a0   00ff     movwf   0x7f             	MOVWF	STK00
0002a1   083d     movf    0x3d, 0x0        	MOVF	(_seed + 1),W
                                           ;	.line	62; "dado.c"	}
0002a2   0008     return                   	RETURN	
                                           ; exit point of _rand

                                           ;***
                                           ;  pBlock Stats: dbName = C
                                           ;***
                                           ;has an exit
                                           ;9 compiler assigned registers:
                                           ;   r0x1012
                                           ;   STK00
                                           ;   r0x1013
                                           ;   r0x1014
                                           ;   r0x1015
                                           ;   r0x1016
                                           ;   r0x1017
                                           ;   r0x1018
                                           ;   r0x1019
                                           ;; Starting pCode block
                                           S_dado__delay	code
                                           _delay:
                                           ; 2 exit points
                                           ;	.line	46; "dado.c"	void delay(unsigned int tiempo)
000224   1683     bsf     0x03, 0x5        	BANKSEL	r0x1012
000225   00a5     movwf   0x25             	MOVWF	r0x1012
000226   087f     movf    0x7f, 0x0        	MOVF	STK00,W
000227   00a4     movwf   0x24             	MOVWF	r0x1013
                                           ;	.line	51; "dado.c"	for(i=0;i<tiempo;i++)
000228   01a6     clrf    0x26             	CLRF	r0x1014
000229   01a7     clrf    0x27             	CLRF	r0x1015
                                           _00141_DS_:
00022a   1683     bsf     0x03, 0x5        	BANKSEL	r0x1012
00022b   0825     movf    0x25, 0x0        	MOVF	r0x1012,W
00022c   0227     subwf   0x27, 0x0        	SUBWF	r0x1015,W
00022d   1d03     btfss   0x03, 0x2        	BTFSS	STATUS,2
00022e   2a31     goto    0x0231           	GOTO	_00162_DS_
00022f   0824     movf    0x24, 0x0        	MOVF	r0x1013,W
000230   0226     subwf   0x26, 0x0        	SUBWF	r0x1014,W
                                           _00162_DS_:
000231   1803     btfsc   0x03, 0x0        	BTFSC	STATUS,0
000232   2a4e     goto    0x024e           	GOTO	_00143_DS_
                                           ;;genSkipc:3307: created from rifx:00000000047A5780
                                           ;	.line	52; "dado.c"	for(j=0;j<1275;j++);
000233   30fb     movlw   0xfb             	MOVLW	0xfb
000234   1683     bsf     0x03, 0x5        	BANKSEL	r0x1016
000235   00a8     movwf   0x28             	MOVWF	r0x1016
000236   3004     movlw   0x04             	MOVLW	0x04
000237   00a9     movwf   0x29             	MOVWF	r0x1017
                                           _00139_DS_:
000238   30ff     movlw   0xff             	MOVLW	0xff
000239   1683     bsf     0x03, 0x5        	BANKSEL	r0x1016
00023a   0728     addwf   0x28, 0x0        	ADDWF	r0x1016,W
00023b   00aa     movwf   0x2a             	MOVWF	r0x1018
00023c   30ff     movlw   0xff             	MOVLW	0xff
00023d   00ab     movwf   0x2b             	MOVWF	r0x1019
00023e   0829     movf    0x29, 0x0        	MOVF	r0x1017,W
00023f   1803     btfsc   0x03, 0x0        	BTFSC	STATUS,0
000240   0f29     incfsz  0x29, 0x0        	INCFSZ	r0x1017,W
000241   07ab     addwf   0x2b, 0x1        	ADDWF	r0x1019,F
000242   082a     movf    0x2a, 0x0        	MOVF	r0x1018,W
000243   00a8     movwf   0x28             	MOVWF	r0x1016
000244   082b     movf    0x2b, 0x0        	MOVF	r0x1019,W
000245   00a9     movwf   0x29             	MOVWF	r0x1017
000246   082b     movf    0x2b, 0x0        	MOVF	r0x1019,W
000247   042a     iorwf   0x2a, 0x0        	IORWF	r0x1018,W
000248   1d03     btfss   0x03, 0x2        	BTFSS	STATUS,2
000249   2a38     goto    0x0238           	GOTO	_00139_DS_
                                           ;	.line	51; "dado.c"	for(i=0;i<tiempo;i++)
00024a   0aa6     incf    0x26, 0x1        	INCF	r0x1014,F
00024b   1903     btfsc   0x03, 0x2        	BTFSC	STATUS,2
00024c   0aa7     incf    0x27, 0x1        	INCF	r0x1015,F
00024d   2a2a     goto    0x022a           	GOTO	_00141_DS_
                                           _00143_DS_:
                                           ;	.line	53; "dado.c"	}
00024e   0008     return                   	RETURN	
                                           ; exit point of _delay


                                           ;	code size estimation:
                                           ;	  176+   53 =   229 instructions (  564 byte)

                                           	end
